reg__27: 
case__74: 
reg__64: 
logic__10: 
reg__80: 
reg__98: 
reg__154: 
logic__108: 
logic__289: 
case__33: 
logic__113: 
adder: 
case__4: 
logic__29: 
logic__19: 
reg__43: 
muxpart__7: 
reg__128: 
logic__169: 
logic__203: 
logic__147: 
case__55: 
reg__68: 
logic__186: 
reg__33: 
logic__163: 
logic__43: 
regfile: 
reg__78: 
reg__116: 
case__44: 
case__77: 
logic__269: 
reg__120: 
case__39: 
case__57: 
logic__139: 
case__37: 
reg__115: 
logic__175: 
reg__32: 
reg__14: 
reg__70: 
reg__150: 
reg__61: 
logic__3: 
reg__2: 
case__56: 
logic__101: 
reg__142: 
logic__201: 
reg__90: 
reg__9: 
logic__161: 
case__9: 
case__34: 
logic__134: 
case__46: 
logic__117: 
case__63: 
logic__24: 
case__32: 
logic__258: 
logic__242: 
reg__87: 
logic__11: 
logic__160: 
case__60: 
case__5: 
logic__252: 
single_cycle_cpu: 
logic__97: 
logic__290: 
reg__97: 
logic__145: 
logic__209: 
reg__134: 
reg__117: 
logic__185: 
reg__23: 
reg__30: 
reg__10: 
reg__67: 
logic__254: 
logic__115: 
case__12: 
reg__131: 
case__10: 
case__28: 
logic__98: 
reg__129: 
reg__21: 
case__67: 
logic__190: 
logic__75: 
logic__8: 
logic__210: 
reg__151: 
logic__21: 
logic__215: 
logic__241: 
reg__165: 
case__72: 
logic__204: 
logic__260: 
case__68: 
reg__94: 
logic__121: 
logic__23: 
reg__66: 
logic__6: 
case__25: 
case__17: 
alu: 
logic__27: 
case__49: 
logic__110: 
logic__116: 
logic__38: 
reg__125: 
case__45: 
logic__155: 
logic__5: 
logic__125: 
logic__189: 
reg__48: 
data_ram: 
reg__92: 
reg__28: 
reg__37: 
logic__59: 
reg__72: 
logic__213: 
reg__123: 
logic__137: 
logic__225: 
reg: 
logic__112: 
reg__26: 
logic__165: 
reg__147: 
reg__101: 
logic__96: 
case__11: 
logic__216: 
case__65: 
logic__177: 
logic__140: 
reg__75: 
logic__174: 
reg__50: 
logic__41: 
case__3: 
logic__39: 
reg__145: 
logic__122: 
logic__143: 
logic__158: 
reg__49: 
reg__158: 
case__22: 
case__66: 
reg__19: 
reg__51: 
reg__91: 
logic__127: 
reg__62: 
reg__36: 
logic__123: 
case__81: 
reg__118: 
reg__52: 
muxpart__6: 
logic__149: 
reg__157: 
reg__40: 
reg__155: 
case__38: 
logic__159: 
case__59: 
logic__193: 
muxpart__3: 
single_cycle_cpu_display: 
logic__131: 
case__51: 
reg__22: 
datapath__2: 
case__29: 
logic__184: 
reg__86: 
reg__149: 
reg__88: 
logic__7: 
datapath: 
logic__240: 
logic__164: 
reg__24: 
logic__129: 
logic__273: 
logic__146: 
logic__217: 
logic__2: 
logic__106: 
logic__248: 
logic: 
datapath__4: 
reg__108: 
reg__83: 
logic__99: 
logic__18: 
logic__219: 
case__58: 
logic__179: 
reg__15: 
case__54: 
logic__15: 
logic__167: 
reg__53: 
logic__119: 
reg__163: 
logic__206: 
logic__150: 
logic__172: 
logic__255: 
reg__57: 
logic__198: 
reg__5: 
logic__278: 
reg__137: 
muxpart__8: 
reg__8: 
case__76: 
logic__187: 
logic__128: 
reg__45: 
case__19: 
reg__35: 
reg__16: 
reg__148: 
logic__195: 
logic__243: 
reg__85: 
case__30: 
logic__50: 
reg__107: 
logic__132: 
reg__112: 
case__31: 
logic__263: 
reg__96: 
logic__253: 
reg__160: 
reg__105: 
case__64: 
logic__64: 
case__80: 
logic__247: 
reg__110: 
case__16: 
reg__71: 
case__47: 
logic__80: 
reg__127: 
reg__41: 
datapath__1: 
case__61: 
logic__124: 
logic__199: 
logic__202: 
logic__90: 
logic__133: 
reg__54: 
case__1: 
logic__12: 
inst_rom: 
logic__141: 
logic__162: 
logic__40: 
datapath__3: 
reg__99: 
reg__109: 
reg__18: 
logic__268: 
reg__114: 
reg__25: 
logic__256: 
logic__207: 
muxpart__5: 
logic__211: 
logic__277: 
logic__267: 
logic__30: 
reg__69: 
logic__42: 
reg__100: 
reg__141: 
reg__119: 
case__8: 
logic__107: 
logic__222: 
reg__161: 
reg__159: 
logic__114: 
reg__93: 
reg__39: 
reg__74: 
logic__156: 
logic__257: 
reg__136: 
reg__124: 
case__40: 
logic__135: 
logic__224: 
case__69: 
logic__17: 
logic__102: 
logic__16: 
logic__28: 
logic__9: 
case: 
reg__132: 
logic__168: 
case__73: 
reg__42: 
case__71: 
logic__142: 
logic__120: 
logic__170: 
reg__77: 
reg__103: 
reg__1: 
case__15: 
logic__246: 
logic__180: 
reg__60: 
reg__106: 
logic__264: 
logic__171: 
case__27: 
logic__183: 
reg__122: 
reg__13: 
logic__259: 
reg__140: 
reg__47: 
logic__31: 
logic__205: 
reg__76: 
case__2: 
logic__208: 
logic__223: 
reg__89: 
reg__34: 
logic__105: 
reg__121: 
logic__138: 
reg__38: 
logic__44: 
logic__26: 
reg__126: 
case__7: 
case__62: 
logic__1: 
reg__82: 
logic__181: 
reg__95: 
case__41: 
logic__148: 
logic__166: 
logic__279: 
case__70: 
reg__138: 
muxpart__1: 
logic__20: 
reg__4: 
logic__100: 
case__13: 
case__42: 
case__35: 
case__50: 
reg__152: 
reg__133: 
case__78: 
logic__154: 
muxpart__4: 
muxpart__2: 
logic__173: 
logic__14: 
logic__153: 
logic__152: 
logic__103: 
case__53: 
reg__144: 
logic__182: 
logic__111: 
case__75: 
logic__130: 
case__21: 
case__24: 
reg__81: 
case__26: 
reg__139: 
logic__196: 
reg__11: 
case__20: 
reg__164: 
reg__130: 
reg__59: 
reg__63: 
reg__46: 
reg__44: 
reg__73: 
logic__118: 
logic__178: 
logic__194: 
reg__111: 
reg__56: 
logic__249: 
logic__192: 
logic__214: 
case__14: 
logic__157: 
case__36: 
logic__212: 
logic__197: 
logic__126: 
reg__12: 
logic__218: 
case__52: 
case__48: 
reg__79: 
reg__162: 
reg__20: 
logic__221: 
logic__191: 
logic__176: 
logic__104: 
reg__84: 
logic__109: 
reg__55: 
reg__31: 
logic__220: 
reg__143: 
logic__188: 
logic__144: 
case__18: 
reg__58: 
reg__7: 
reg__153: 
reg__113: 
logic__136: 
reg__102: 
logic__22: 
case__23: 
reg__104: 
reg__146: 
reg__29: 
reg__156: 
logic__151: 
reg__3: 
reg__17: 
muxpart: 
logic__13: 
reg__135: 
case__43: 
reg__6: 
logic__200: 
reg__65: 
logic__25: 
case__6: 
logic__284: 
logic__4: 
